16:45:27 **** Clean-only build of configuration Debug for project mb ****
make clean 
rm -rf  ./src/car_arduino_monomotor.o ./src/circular_buffer.o ./src/encoder.o ./src/i2c.o ./src/io_switch.o ./src/io_switch_selftest.o ./src/motor.o ./src/servo.o ./src/timer.o ./src/ultrasonic_ranger.o ./src/xio_switch.o  ./src/car_arduino_monomotor.d ./src/circular_buffer.d ./src/encoder.d ./src/i2c.d ./src/io_switch.d ./src/io_switch_selftest.d ./src/motor.d ./src/servo.d ./src/timer.d ./src/ultrasonic_ranger.d ./src/xio_switch.d  mb.elf.size  mb.elf
' '
16:45:27 **** Incremental Build of configuration Debug for project mb ****
make all 
'Building file: ../src/car_arduino_monomotor.c'
'Invoking: MicroBlaze gcc compiler'
mb-gcc -Wall -O0 -g3 -c -fmessage-length=0 -MT"src/car_arduino_monomotor.o" -I../../mb_bsp/car_iop_arduino_mb/include -mlittle-endian -mno-xl-soft-div -mcpu=v11.0 -mno-xl-soft-mul -mhard-float -Wl,--no-relax -ffunction-sections -fdata-sections -MMD -MP -MF"src/car_arduino_monomotor.d" -MT"src/car_arduino_monomotor.o" -o "src/car_arduino_monomotor.o" "../src/car_arduino_monomotor.c"
'Finished building: ../src/car_arduino_monomotor.c'
' '
'Building file: ../src/circular_buffer.c'
'Invoking: MicroBlaze gcc compiler'
mb-gcc -Wall -O0 -g3 -c -fmessage-length=0 -MT"src/circular_buffer.o" -I../../mb_bsp/car_iop_arduino_mb/include -mlittle-endian -mno-xl-soft-div -mcpu=v11.0 -mno-xl-soft-mul -mhard-float -Wl,--no-relax -ffunction-sections -fdata-sections -MMD -MP -MF"src/circular_buffer.d" -MT"src/circular_buffer.o" -o "src/circular_buffer.o" "../src/circular_buffer.c"
'Finished building: ../src/circular_buffer.c'
' '
'Building file: ../src/encoder.c'
'Invoking: MicroBlaze gcc compiler'
mb-gcc -Wall -O0 -g3 -c -fmessage-length=0 -MT"src/encoder.o" -I../../mb_bsp/car_iop_arduino_mb/include -mlittle-endian -mno-xl-soft-div -mcpu=v11.0 -mno-xl-soft-mul -mhard-float -Wl,--no-relax -ffunction-sections -fdata-sections -MMD -MP -MF"src/encoder.d" -MT"src/encoder.o" -o "src/encoder.o" "../src/encoder.c"
'Finished building: ../src/encoder.c'
' '
'Building file: ../src/i2c.c'
'Invoking: MicroBlaze gcc compiler'
mb-gcc -Wall -O0 -g3 -c -fmessage-length=0 -MT"src/i2c.o" -I../../mb_bsp/car_iop_arduino_mb/include -mlittle-endian -mno-xl-soft-div -mcpu=v11.0 -mno-xl-soft-mul -mhard-float -Wl,--no-relax -ffunction-sections -fdata-sections -MMD -MP -MF"src/i2c.d" -MT"src/i2c.o" -o "src/i2c.o" "../src/i2c.c"
'Finished building: ../src/i2c.c'
' '
'Building file: ../src/io_switch.c'
'Invoking: MicroBlaze gcc compiler'
mb-gcc -Wall -O0 -g3 -c -fmessage-length=0 -MT"src/io_switch.o" -I../../mb_bsp/car_iop_arduino_mb/include -mlittle-endian -mno-xl-soft-div -mcpu=v11.0 -mno-xl-soft-mul -mhard-float -Wl,--no-relax -ffunction-sections -fdata-sections -MMD -MP -MF"src/io_switch.d" -MT"src/io_switch.o" -o "src/io_switch.o" "../src/io_switch.c"
'Finished building: ../src/io_switch.c'
' '
'Building file: ../src/io_switch_selftest.c'
'Invoking: MicroBlaze gcc compiler'
mb-gcc -Wall -O0 -g3 -c -fmessage-length=0 -MT"src/io_switch_selftest.o" -I../../mb_bsp/car_iop_arduino_mb/include -mlittle-endian -mno-xl-soft-div -mcpu=v11.0 -mno-xl-soft-mul -mhard-float -Wl,--no-relax -ffunction-sections -fdata-sections -MMD -MP -MF"src/io_switch_selftest.d" -MT"src/io_switch_selftest.o" -o "src/io_switch_selftest.o" "../src/io_switch_selftest.c"
'Finished building: ../src/io_switch_selftest.c'
' '
'Building file: ../src/motor.c'
'Invoking: MicroBlaze gcc compiler'
mb-gcc -Wall -O0 -g3 -c -fmessage-length=0 -MT"src/motor.o" -I../../mb_bsp/car_iop_arduino_mb/include -mlittle-endian -mno-xl-soft-div -mcpu=v11.0 -mno-xl-soft-mul -mhard-float -Wl,--no-relax -ffunction-sections -fdata-sections -MMD -MP -MF"src/motor.d" -MT"src/motor.o" -o "src/motor.o" "../src/motor.c"
'Finished building: ../src/motor.c'
' '
'Building file: ../src/servo.c'
'Invoking: MicroBlaze gcc compiler'
mb-gcc -Wall -O0 -g3 -c -fmessage-length=0 -MT"src/servo.o" -I../../mb_bsp/car_iop_arduino_mb/include -mlittle-endian -mno-xl-soft-div -mcpu=v11.0 -mno-xl-soft-mul -mhard-float -Wl,--no-relax -ffunction-sections -fdata-sections -MMD -MP -MF"src/servo.d" -MT"src/servo.o" -o "src/servo.o" "../src/servo.c"
'Finished building: ../src/servo.c'
' '
'Building file: ../src/timer.c'
'Invoking: MicroBlaze gcc compiler'
mb-gcc -Wall -O0 -g3 -c -fmessage-length=0 -MT"src/timer.o" -I../../mb_bsp/car_iop_arduino_mb/include -mlittle-endian -mno-xl-soft-div -mcpu=v11.0 -mno-xl-soft-mul -mhard-float -Wl,--no-relax -ffunction-sections -fdata-sections -MMD -MP -MF"src/timer.d" -MT"src/timer.o" -o "src/timer.o" "../src/timer.c"
'Finished building: ../src/timer.c'
' '
'Building file: ../src/ultrasonic_ranger.c'
'Invoking: MicroBlaze gcc compiler'
mb-gcc -Wall -O0 -g3 -c -fmessage-length=0 -MT"src/ultrasonic_ranger.o" -I../../mb_bsp/car_iop_arduino_mb/include -mlittle-endian -mno-xl-soft-div -mcpu=v11.0 -mno-xl-soft-mul -mhard-float -Wl,--no-relax -ffunction-sections -fdata-sections -MMD -MP -MF"src/ultrasonic_ranger.d" -MT"src/ultrasonic_ranger.o" -o "src/ultrasonic_ranger.o" "../src/ultrasonic_ranger.c"
'Finished building: ../src/ultrasonic_ranger.c'
' '
'Building file: ../src/xio_switch.c'
'Invoking: MicroBlaze gcc compiler'
mb-gcc -Wall -O0 -g3 -c -fmessage-length=0 -MT"src/xio_switch.o" -I../../mb_bsp/car_iop_arduino_mb/include -mlittle-endian -mno-xl-soft-div -mcpu=v11.0 -mno-xl-soft-mul -mhard-float -Wl,--no-relax -ffunction-sections -fdata-sections -MMD -MP -MF"src/xio_switch.d" -MT"src/xio_switch.o" -o "src/xio_switch.o" "../src/xio_switch.c"
'Finished building: ../src/xio_switch.c'
' '
'Building target: mb.elf'
'Invoking: MicroBlaze gcc linker'
mb-gcc -Wl,-T -Wl,../src/lscript.ld -L../../mb_bsp/car_iop_arduino_mb/lib -mlittle-endian -mno-xl-soft-div -mcpu=v11.0 -mno-xl-soft-mul -mhard-float -Wl,--no-relax -Wl,--gc-sections -o "mb.elf"  ./src/car_arduino_monomotor.o ./src/circular_buffer.o ./src/encoder.o ./src/i2c.o ./src/io_switch.o ./src/io_switch_selftest.o ./src/motor.o ./src/servo.o ./src/timer.o ./src/ultrasonic_ranger.o ./src/xio_switch.o   -Wl,--start-group,-lxil,-lgcc,-lc,--end-group
'Finished building target: mb.elf'
' '
'Invoking: MicroBlaze Print Size'
mb-size mb.elf  |tee "mb.elf.size"
   text	   data	    bss	    dec	    hex	filename
  21472	    378	   3654	  25504	   63a0	mb.elf
'Finished building: mb.elf.size'
' '
14:09:11 **** Auto Build of configuration Debug for project Car ****
make all 
make: Nothing to be done for 'all'.
14:09:17 **** Build of project bimotor_Car_bsp ****
make -k all 
"Running Make include in car_iop_arduino_mb/libsrc/bram_v4_2/src"
make -C car_iop_arduino_mb/libsrc/bram_v4_2/src -s include  "SHELL=CMD" "COMPILER=mb-gcc" "ARCHIVER=mb-ar" "COMPILER_FLAGS=  -O2 -c -mcpu=v11.0 -mhard-float -mlittle-endian -mno-xl-soft-div -mno-xl-soft-mul" "EXTRA_COMPILER_FLAGS=-ffunction-sections -fdata-sections -Wall -Wextra"
"Running Make include in car_iop_arduino_mb/libsrc/cpu_v2_8/src"
make -C car_iop_arduino_mb/libsrc/cpu_v2_8/src -s include  "SHELL=CMD" "COMPILER=mb-gcc" "ARCHIVER=mb-ar" "COMPILER_FLAGS=  -O2 -c -mcpu=v11.0 -mhard-float -mlittle-endian -mno-xl-soft-div -mno-xl-soft-mul" "EXTRA_COMPILER_FLAGS=-ffunction-sections -fdata-sections -Wall -Wextra"
"Running Make include in car_iop_arduino_mb/libsrc/gpio_v4_3/src"
make -C car_iop_arduino_mb/libsrc/gpio_v4_3/src -s include  "SHELL=CMD" "COMPILER=mb-gcc" "ARCHIVER=mb-ar" "COMPILER_FLAGS=  -O2 -c -mcpu=v11.0 -mhard-float -mlittle-endian -mno-xl-soft-div -mno-xl-soft-mul" "EXTRA_COMPILER_FLAGS=-ffunction-sections -fdata-sections -Wall -Wextra"
"Running Make include in car_iop_arduino_mb/libsrc/iic_v3_5/src"
make -C car_iop_arduino_mb/libsrc/iic_v3_5/src -s include  "SHELL=CMD" "COMPILER=mb-gcc" "ARCHIVER=mb-ar" "COMPILER_FLAGS=  -O2 -c -mcpu=v11.0 -mhard-float -mlittle-endian -mno-xl-soft-div -mno-xl-soft-mul" "EXTRA_COMPILER_FLAGS=-ffunction-sections -fdata-sections -Wall -Wextra"
"Running Make include in car_iop_arduino_mb/libsrc/intc_v3_8/src"
make -C car_iop_arduino_mb/libsrc/intc_v3_8/src -s include  "SHELL=CMD" "COMPILER=mb-gcc" "ARCHIVER=mb-ar" "COMPILER_FLAGS=  -O2 -c -mcpu=v11.0 -mhard-float -mlittle-endian -mno-xl-soft-div -mno-xl-soft-mul" "EXTRA_COMPILER_FLAGS=-ffunction-sections -fdata-sections -Wall -Wextra"
"Running Make include in car_iop_arduino_mb/libsrc/standalone_v6_8/src"
make -C car_iop_arduino_mb/libsrc/standalone_v6_8/src -s include  "SHELL=CMD" "COMPILER=mb-gcc" "ARCHIVER=mb-ar" "COMPILER_FLAGS=  -O2 -c -mcpu=v11.0 -mhard-float -mlittle-endian -mno-xl-soft-div -mno-xl-soft-mul" "EXTRA_COMPILER_FLAGS=-ffunction-sections -fdata-sections -Wall -Wextra"
"Running Make include in car_iop_arduino_mb/libsrc/tmrctr_v4_5/src"
make -C car_iop_arduino_mb/libsrc/tmrctr_v4_5/src -s include  "SHELL=CMD" "COMPILER=mb-gcc" "ARCHIVER=mb-ar" "COMPILER_FLAGS=  -O2 -c -mcpu=v11.0 -mhard-float -mlittle-endian -mno-xl-soft-div -mno-xl-soft-mul" "EXTRA_COMPILER_FLAGS=-ffunction-sections -fdata-sections -Wall -Wextra"
"Running Make libs in car_iop_arduino_mb/libsrc/bram_v4_2/src"
make -C car_iop_arduino_mb/libsrc/bram_v4_2/src -s libs  "SHELL=CMD" "COMPILER=mb-gcc" "ARCHIVER=mb-ar" "COMPILER_FLAGS=  -O2 -c -mcpu=v11.0 -mhard-float -mlittle-endian -mno-xl-soft-div -mno-xl-soft-mul" "EXTRA_COMPILER_FLAGS=-ffunction-sections -fdata-sections -Wall -Wextra"
"Compiling bram"
"Running Make libs in car_iop_arduino_mb/libsrc/cpu_v2_8/src"
make -C car_iop_arduino_mb/libsrc/cpu_v2_8/src -s libs  "SHELL=CMD" "COMPILER=mb-gcc" "ARCHIVER=mb-ar" "COMPILER_FLAGS=  -O2 -c -mcpu=v11.0 -mhard-float -mlittle-endian -mno-xl-soft-div -mno-xl-soft-mul" "EXTRA_COMPILER_FLAGS=-ffunction-sections -fdata-sections -Wall -Wextra"
"Compiling cpu"
"Running Make libs in car_iop_arduino_mb/libsrc/gpio_v4_3/src"
make -C car_iop_arduino_mb/libsrc/gpio_v4_3/src -s libs  "SHELL=CMD" "COMPILER=mb-gcc" "ARCHIVER=mb-ar" "COMPILER_FLAGS=  -O2 -c -mcpu=v11.0 -mhard-float -mlittle-endian -mno-xl-soft-div -mno-xl-soft-mul" "EXTRA_COMPILER_FLAGS=-ffunction-sections -fdata-sections -Wall -Wextra"
"Compiling gpio"
"Running Make libs in car_iop_arduino_mb/libsrc/iic_v3_5/src"
make -C car_iop_arduino_mb/libsrc/iic_v3_5/src -s libs  "SHELL=CMD" "COMPILER=mb-gcc" "ARCHIVER=mb-ar" "COMPILER_FLAGS=  -O2 -c -mcpu=v11.0 -mhard-float -mlittle-endian -mno-xl-soft-div -mno-xl-soft-mul" "EXTRA_COMPILER_FLAGS=-ffunction-sections -fdata-sections -Wall -Wextra"
"Compiling iic"
"Running Make libs in car_iop_arduino_mb/libsrc/intc_v3_8/src"
make -C car_iop_arduino_mb/libsrc/intc_v3_8/src -s libs  "SHELL=CMD" "COMPILER=mb-gcc" "ARCHIVER=mb-ar" "COMPILER_FLAGS=  -O2 -c -mcpu=v11.0 -mhard-float -mlittle-endian -mno-xl-soft-div -mno-xl-soft-mul" "EXTRA_COMPILER_FLAGS=-ffunction-sections -fdata-sections -Wall -Wextra"
"Compiling intc"
"Running Make libs in car_iop_arduino_mb/libsrc/standalone_v6_8/src"
make -C car_iop_arduino_mb/libsrc/standalone_v6_8/src -s libs  "SHELL=CMD" "COMPILER=mb-gcc" "ARCHIVER=mb-ar" "COMPILER_FLAGS=  -O2 -c -mcpu=v11.0 -mhard-float -mlittle-endian -mno-xl-soft-div -mno-xl-soft-mul" "EXTRA_COMPILER_FLAGS=-ffunction-sections -fdata-sections -Wall -Wextra"
"Compiling standalone";
inbyte.c: In function 'inbyte':
inbyte.c:11:1: warning: control reaches end of non-void function [-Wreturn-type]
 }
 ^
outbyte.c: In function 'outbyte':
outbyte.c:11:19: warning: unused parameter 'c' [-Wunused-parameter]
 void outbyte(char c) {
                   ^
microblaze_sleep.c:77:9: note: #pragma message: For the sleep routines, assembly instructions are used
 #pragma message ("For the sleep routines, assembly instructions are used")
         ^~~~~~~
"Running Make libs in car_iop_arduino_mb/libsrc/tmrctr_v4_5/src"
make -C car_iop_arduino_mb/libsrc/tmrctr_v4_5/src -s libs  "SHELL=CMD" "COMPILER=mb-gcc" "ARCHIVER=mb-ar" "COMPILER_FLAGS=  -O2 -c -mcpu=v11.0 -mhard-float -mlittle-endian -mno-xl-soft-div -mno-xl-soft-mul" "EXTRA_COMPILER_FLAGS=-ffunction-sections -fdata-sections -Wall -Wextra"
"Compiling tmrctr"
'Finished building libraries'
14:09:56 **** Clean-only build of configuration Debug for project bimotor_Car ****
make clean 
rm -rf  ./src/car_arduino_bimotor.o ./src/circular_buffer.o ./src/encoder.o ./src/i2c.o ./src/io_switch.o ./src/io_switch_selftest.o ./src/motor.o ./src/servo.o ./src/timer.o ./src/ultrasonic_ranger.o ./src/xio_switch.o  ./src/car_arduino_bimotor.d ./src/circular_buffer.d ./src/encoder.d ./src/i2c.d ./src/io_switch.d ./src/io_switch_selftest.d ./src/motor.d ./src/servo.d ./src/timer.d ./src/ultrasonic_ranger.d ./src/xio_switch.d  bimotor_Car.elf.size  bimotor_Car.elf
' '
14:09:56 **** Build of configuration Debug for project bimotor_Car ****
make all 
'Building file: ../src/car_arduino_bimotor.c'
'Invoking: MicroBlaze gcc compiler'
mb-gcc -Wall -O0 -g3 -c -fmessage-length=0 -MT"src/car_arduino_bimotor.o" -I../../bimotor_Car_bsp/car_iop_arduino_mb/include -mlittle-endian -mno-xl-soft-div -mcpu=v11.0 -mno-xl-soft-mul -mhard-float -Wl,--no-relax -ffunction-sections -fdata-sections -MMD -MP -MF"src/car_arduino_bimotor.d" -MT"src/car_arduino_bimotor.o" -o "src/car_arduino_bimotor.o" "../src/car_arduino_bimotor.c"
../src/car_arduino_bimotor.c: In function 'ICM20600_setPowerMode':
../src/car_arduino_bimotor.c:269:47: warning: passing argument 3 of 'iic_writeByte' makes pointer from integer without a cast [-Wint-conversion]
     iic_writeByte(_addr, ICM20600_PWR_MGMT_1, data_pwr1);
                                               ^~~~~~~~~
../src/car_arduino_bimotor.c:129:6: note: expected 'uint8_t * {aka unsigned char *}' but argument is of type 'uint8_t {aka unsigned char}'
 void iic_writeByte(uint8_t devAddr, uint8_t regAddr, uint8_t *data){
      ^~~~~~~~~~~~~
../src/car_arduino_bimotor.c:270:47: warning: passing argument 3 of 'iic_writeByte' makes pointer from integer without a cast [-Wint-conversion]
     iic_writeByte(_addr, ICM20600_PWR_MGMT_2, data_pwr2);
                                               ^~~~~~~~~
../src/car_arduino_bimotor.c:129:6: note: expected 'uint8_t * {aka unsigned char *}' but argument is of type 'uint8_t {aka unsigned char}'
 void iic_writeByte(uint8_t devAddr, uint8_t regAddr, uint8_t *data){
      ^~~~~~~~~~~~~
../src/car_arduino_bimotor.c:271:53: warning: passing argument 3 of 'iic_writeByte' makes pointer from integer without a cast [-Wint-conversion]
     iic_writeByte(_addr, ICM20600_GYRO_LP_MODE_CFG, data_gyro_lp);
                                                     ^~~~~~~~~~~~
../src/car_arduino_bimotor.c:129:6: note: expected 'uint8_t * {aka unsigned char *}' but argument is of type 'uint8_t {aka unsigned char}'
 void iic_writeByte(uint8_t devAddr, uint8_t regAddr, uint8_t *data){
      ^~~~~~~~~~~~~
../src/car_arduino_bimotor.c: In function 'ICM20600_setSampleRateDivier':
../src/car_arduino_bimotor.c:278:44: warning: passing argument 3 of 'iic_writeByte' makes pointer from integer without a cast [-Wint-conversion]
  iic_writeByte(_addr, ICM20600_SMPLRT_DIV, div);
                                            ^~~
../src/car_arduino_bimotor.c:129:6: note: expected 'uint8_t * {aka unsigned char *}' but argument is of type 'uint8_t {aka unsigned char}'
 void iic_writeByte(uint8_t devAddr, uint8_t regAddr, uint8_t *data){
      ^~~~~~~~~~~~~
../src/car_arduino_bimotor.c: In function 'ICM20600_setAccScaleRange':
../src/car_arduino_bimotor.c:313:49: warning: passing argument 3 of 'iic_writeByte' makes pointer from integer without a cast [-Wint-conversion]
     iic_writeByte(_addr, ICM20600_ACCEL_CONFIG, data);
                                                 ^~~~
../src/car_arduino_bimotor.c:129:6: note: expected 'uint8_t * {aka unsigned char *}' but argument is of type 'uint8_t {aka unsigned char}'
 void iic_writeByte(uint8_t devAddr, uint8_t regAddr, uint8_t *data){
      ^~~~~~~~~~~~~
../src/car_arduino_bimotor.c: In function 'ICM20600_setAccAverageSample':
../src/car_arduino_bimotor.c:345:50: warning: passing argument 3 of 'iic_writeByte' makes pointer from integer without a cast [-Wint-conversion]
     iic_writeByte(_addr, ICM20600_ACCEL_CONFIG2, data);
                                                  ^~~~
../src/car_arduino_bimotor.c:129:6: note: expected 'uint8_t * {aka unsigned char *}' but argument is of type 'uint8_t {aka unsigned char}'
 void iic_writeByte(uint8_t devAddr, uint8_t regAddr, uint8_t *data){
      ^~~~~~~~~~~~~
../src/car_arduino_bimotor.c: In function 'ICM20600_setAccOutputDataRate':
../src/car_arduino_bimotor.c:392:50: warning: passing argument 3 of 'iic_writeByte' makes pointer from integer without a cast [-Wint-conversion]
     iic_writeByte(_addr, ICM20600_ACCEL_CONFIG2, data);
                                                  ^~~~
../src/car_arduino_bimotor.c:129:6: note: expected 'uint8_t * {aka unsigned char *}' but argument is of type 'uint8_t {aka unsigned char}'
 void iic_writeByte(uint8_t devAddr, uint8_t regAddr, uint8_t *data){
      ^~~~~~~~~~~~~
../src/car_arduino_bimotor.c: In function 'ICM20600_setGyroScaleRange':
../src/car_arduino_bimotor.c:427:48: warning: passing argument 3 of 'iic_writeByte' makes pointer from integer without a cast [-Wint-conversion]
     iic_writeByte(_addr, ICM20600_GYRO_CONFIG, data);
                                                ^~~~
../src/car_arduino_bimotor.c:129:6: note: expected 'uint8_t * {aka unsigned char *}' but argument is of type 'uint8_t {aka unsigned char}'
 void iic_writeByte(uint8_t devAddr, uint8_t regAddr, uint8_t *data){
      ^~~~~~~~~~~~~
../src/car_arduino_bimotor.c: In function 'ICM20600_setGyroAverageSample':
../src/car_arduino_bimotor.c:476:53: warning: passing argument 3 of 'iic_writeByte' makes pointer from integer without a cast [-Wint-conversion]
     iic_writeByte(_addr, ICM20600_GYRO_LP_MODE_CFG, data);
                                                     ^~~~
../src/car_arduino_bimotor.c:129:6: note: expected 'uint8_t * {aka unsigned char *}' but argument is of type 'uint8_t {aka unsigned char}'
 void iic_writeByte(uint8_t devAddr, uint8_t regAddr, uint8_t *data){
      ^~~~~~~~~~~~~
../src/car_arduino_bimotor.c: In function 'ICM20600_setGyroOutputDataRate':
../src/car_arduino_bimotor.c:514:43: warning: passing argument 3 of 'iic_writeByte' makes pointer from integer without a cast [-Wint-conversion]
     iic_writeByte(_addr, ICM20600_CONFIG, data);
                                           ^~~~
../src/car_arduino_bimotor.c:129:6: note: expected 'uint8_t * {aka unsigned char *}' but argument is of type 'uint8_t {aka unsigned char}'
 void iic_writeByte(uint8_t devAddr, uint8_t regAddr, uint8_t *data){
      ^~~~~~~~~~~~~
../src/car_arduino_bimotor.c: In function 'ICM20600_reset':
../src/car_arduino_bimotor.c:606:46: warning: passing argument 3 of 'iic_writeByte' makes pointer from integer without a cast [-Wint-conversion]
     iic_writeByte(_addr, ICM20600_USER_CTRL, data);
                                              ^~~~
../src/car_arduino_bimotor.c:129:6: note: expected 'uint8_t * {aka unsigned char *}' but argument is of type 'uint8_t {aka unsigned char}'
 void iic_writeByte(uint8_t devAddr, uint8_t regAddr, uint8_t *data){
      ^~~~~~~~~~~~~
'Finished building: ../src/car_arduino_bimotor.c'
' '
'Building file: ../src/circular_buffer.c'
'Invoking: MicroBlaze gcc compiler'
mb-gcc -Wall -O0 -g3 -c -fmessage-length=0 -MT"src/circular_buffer.o" -I../../bimotor_Car_bsp/car_iop_arduino_mb/include -mlittle-endian -mno-xl-soft-div -mcpu=v11.0 -mno-xl-soft-mul -mhard-float -Wl,--no-relax -ffunction-sections -fdata-sections -MMD -MP -MF"src/circular_buffer.d" -MT"src/circular_buffer.o" -o "src/circular_buffer.o" "../src/circular_buffer.c"
'Finished building: ../src/circular_buffer.c'
' '
'Building file: ../src/encoder.c'
'Invoking: MicroBlaze gcc compiler'
mb-gcc -Wall -O0 -g3 -c -fmessage-length=0 -MT"src/encoder.o" -I../../bimotor_Car_bsp/car_iop_arduino_mb/include -mlittle-endian -mno-xl-soft-div -mcpu=v11.0 -mno-xl-soft-mul -mhard-float -Wl,--no-relax -ffunction-sections -fdata-sections -MMD -MP -MF"src/encoder.d" -MT"src/encoder.o" -o "src/encoder.o" "../src/encoder.c"
'Finished building: ../src/encoder.c'
' '
'Building file: ../src/i2c.c'
'Invoking: MicroBlaze gcc compiler'
mb-gcc -Wall -O0 -g3 -c -fmessage-length=0 -MT"src/i2c.o" -I../../bimotor_Car_bsp/car_iop_arduino_mb/include -mlittle-endian -mno-xl-soft-div -mcpu=v11.0 -mno-xl-soft-mul -mhard-float -Wl,--no-relax -ffunction-sections -fdata-sections -MMD -MP -MF"src/i2c.d" -MT"src/i2c.o" -o "src/i2c.o" "../src/i2c.c"
'Finished building: ../src/i2c.c'
' '
'Building file: ../src/io_switch.c'
'Invoking: MicroBlaze gcc compiler'
mb-gcc -Wall -O0 -g3 -c -fmessage-length=0 -MT"src/io_switch.o" -I../../bimotor_Car_bsp/car_iop_arduino_mb/include -mlittle-endian -mno-xl-soft-div -mcpu=v11.0 -mno-xl-soft-mul -mhard-float -Wl,--no-relax -ffunction-sections -fdata-sections -MMD -MP -MF"src/io_switch.d" -MT"src/io_switch.o" -o "src/io_switch.o" "../src/io_switch.c"
'Finished building: ../src/io_switch.c'
' '
'Building file: ../src/io_switch_selftest.c'
'Invoking: MicroBlaze gcc compiler'
mb-gcc -Wall -O0 -g3 -c -fmessage-length=0 -MT"src/io_switch_selftest.o" -I../../bimotor_Car_bsp/car_iop_arduino_mb/include -mlittle-endian -mno-xl-soft-div -mcpu=v11.0 -mno-xl-soft-mul -mhard-float -Wl,--no-relax -ffunction-sections -fdata-sections -MMD -MP -MF"src/io_switch_selftest.d" -MT"src/io_switch_selftest.o" -o "src/io_switch_selftest.o" "../src/io_switch_selftest.c"
'Finished building: ../src/io_switch_selftest.c'
' '
'Building file: ../src/motor.c'
'Invoking: MicroBlaze gcc compiler'
mb-gcc -Wall -O0 -g3 -c -fmessage-length=0 -MT"src/motor.o" -I../../bimotor_Car_bsp/car_iop_arduino_mb/include -mlittle-endian -mno-xl-soft-div -mcpu=v11.0 -mno-xl-soft-mul -mhard-float -Wl,--no-relax -ffunction-sections -fdata-sections -MMD -MP -MF"src/motor.d" -MT"src/motor.o" -o "src/motor.o" "../src/motor.c"
'Finished building: ../src/motor.c'
' '
'Building file: ../src/servo.c'
'Invoking: MicroBlaze gcc compiler'
mb-gcc -Wall -O0 -g3 -c -fmessage-length=0 -MT"src/servo.o" -I../../bimotor_Car_bsp/car_iop_arduino_mb/include -mlittle-endian -mno-xl-soft-div -mcpu=v11.0 -mno-xl-soft-mul -mhard-float -Wl,--no-relax -ffunction-sections -fdata-sections -MMD -MP -MF"src/servo.d" -MT"src/servo.o" -o "src/servo.o" "../src/servo.c"
'Finished building: ../src/servo.c'
' '
'Building file: ../src/timer.c'
'Invoking: MicroBlaze gcc compiler'
mb-gcc -Wall -O0 -g3 -c -fmessage-length=0 -MT"src/timer.o" -I../../bimotor_Car_bsp/car_iop_arduino_mb/include -mlittle-endian -mno-xl-soft-div -mcpu=v11.0 -mno-xl-soft-mul -mhard-float -Wl,--no-relax -ffunction-sections -fdata-sections -MMD -MP -MF"src/timer.d" -MT"src/timer.o" -o "src/timer.o" "../src/timer.c"
'Finished building: ../src/timer.c'
' '
'Building file: ../src/ultrasonic_ranger.c'
'Invoking: MicroBlaze gcc compiler'
mb-gcc -Wall -O0 -g3 -c -fmessage-length=0 -MT"src/ultrasonic_ranger.o" -I../../bimotor_Car_bsp/car_iop_arduino_mb/include -mlittle-endian -mno-xl-soft-div -mcpu=v11.0 -mno-xl-soft-mul -mhard-float -Wl,--no-relax -ffunction-sections -fdata-sections -MMD -MP -MF"src/ultrasonic_ranger.d" -MT"src/ultrasonic_ranger.o" -o "src/ultrasonic_ranger.o" "../src/ultrasonic_ranger.c"
'Finished building: ../src/ultrasonic_ranger.c'
' '
'Building file: ../src/xio_switch.c'
'Invoking: MicroBlaze gcc compiler'
mb-gcc -Wall -O0 -g3 -c -fmessage-length=0 -MT"src/xio_switch.o" -I../../bimotor_Car_bsp/car_iop_arduino_mb/include -mlittle-endian -mno-xl-soft-div -mcpu=v11.0 -mno-xl-soft-mul -mhard-float -Wl,--no-relax -ffunction-sections -fdata-sections -MMD -MP -MF"src/xio_switch.d" -MT"src/xio_switch.o" -o "src/xio_switch.o" "../src/xio_switch.c"
'Finished building: ../src/xio_switch.c'
' '
'Building target: bimotor_Car.elf'
'Invoking: MicroBlaze gcc linker'
mb-gcc -Wl,-T -Wl,../src/lscript.ld -L../../bimotor_Car_bsp/car_iop_arduino_mb/lib -mlittle-endian -mno-xl-soft-div -mcpu=v11.0 -mno-xl-soft-mul -mhard-float -Wl,--no-relax -Wl,--gc-sections -o "bimotor_Car.elf"  ./src/car_arduino_bimotor.o ./src/circular_buffer.o ./src/encoder.o ./src/i2c.o ./src/io_switch.o ./src/io_switch_selftest.o ./src/motor.o ./src/servo.o ./src/timer.o ./src/ultrasonic_ranger.o ./src/xio_switch.o   -Wl,--start-group,-lxil,-lgcc,-lc,--end-group
'Finished building target: bimotor_Car.elf'
' '
'Invoking: MicroBlaze Print Size'
mb-size bimotor_Car.elf  |tee "bimotor_Car.elf.size"
   text	   data	    bss	    dec	    hex	filename
  45760	    378	   3686	  49824	   c2a0	bimotor_Car.elf
'Finished building: bimotor_Car.elf.size'
' '
14:10:06 **** Auto Build of configuration Debug for project mb ****
make all 
make: Nothing to be done for 'all'.
