#-----------------------------------------------------------
# Vivado v2018.3 (64-bit)
# SW Build 2405991 on Thu Dec  6 23:38:27 MST 2018
# IP Build 2404404 on Fri Dec  7 01:43:56 MST 2018
# Start of session at: Tue Dec 30 09:41:48 2025
# Process ID: 11912
# Current directory: D:/FPGA/Vision_Car/EDK-PYNQ-ROBOT/EDK-PYNQ-ROBOT/Car
# Command line: vivado.exe -gui_launcher_event rodinguilauncherevent19304 D:\FPGA\Vision_Car\EDK-PYNQ-ROBOT\EDK-PYNQ-ROBOT\Car\Car.xpr
# Log file: D:/FPGA/Vision_Car/EDK-PYNQ-ROBOT/EDK-PYNQ-ROBOT/Car/vivado.log
# Journal file: D:/FPGA/Vision_Car/EDK-PYNQ-ROBOT/EDK-PYNQ-ROBOT/Car\vivado.jou
#-----------------------------------------------------------
start_gui
open_project D:/FPGA/Vision_Car/EDK-PYNQ-ROBOT/EDK-PYNQ-ROBOT/Car/Car.xpr
open_bd_design {D:/FPGA/Vision_Car/EDK-PYNQ-ROBOT/EDK-PYNQ-ROBOT/Car/Car.srcs/sources_1/bd/design_1/design_1.bd}
reset_run synth_1
launch_runs synth_1 -jobs 10
wait_on_run synth_1
launch_runs impl_1 -jobs 10
wait_on_run impl_1
open_hw
reset_run impl_1
launch_runs impl_1 -jobs 10
wait_on_run impl_1
close_hw
set_property STEPS.WRITE_BITSTREAM.ARGS.BIN_FILE true [get_runs impl_1]
launch_runs impl_1 -to_step write_bitstream -jobs 10
wait_on_run impl_1
open_hw
close_hw
file copy -force D:/FPGA/Vision_Car/EDK-PYNQ-ROBOT/EDK-PYNQ-ROBOT/Car/Car.runs/impl_1/design_1_wrapper.sysdef D:/FPGA/Vision_Car/EDK-PYNQ-ROBOT/EDK-PYNQ-ROBOT/Car/Car.sdk/design_1_wrapper.hdf

file copy -force D:/FPGA/Vision_Car/EDK-PYNQ-ROBOT/EDK-PYNQ-ROBOT/Car/Car.runs/impl_1/design_1_wrapper.sysdef D:/FPGA/Vision_Car/EDK-PYNQ-ROBOT/EDK-PYNQ-ROBOT/Car/Car.sdk/design_1_wrapper.hdf

file exists <project_name>.hwh
write_hw_platform -fixed -include_bit -force -file ./design_wrapper.xsa
reset_run impl_1
launch_runs impl_1 -jobs 10
wait_on_run impl_1
launch_runs impl_1 -to_step write_bitstream -jobs 10
wait_on_run impl_1
open_hw
close_hw
write_bd_tcl -force -file ./design_wrapper.tcl
file copy -force D:/FPGA/Vision_Car/EDK-PYNQ-ROBOT/EDK-PYNQ-ROBOT/Car/Car.runs/impl_1/design_1_wrapper.sysdef D:/FPGA/Vision_Car/EDK-PYNQ-ROBOT/EDK-PYNQ-ROBOT/Car/Car.sdk/design_1_wrapper.hdf

unzip design_wrapper.hdf system.hwh
write_hwdef -force ./design_wrapper.hdf
report_ip_status
upgrade_ip [get_ips design_1_Canny_accel_0_0]
get_property IP_REPO_PATHS [current_project]
set_property ip_repo_paths {D:/FPGA/Vision_Car/EDK-PYNQ-ROBOT/EDK-PYNQ-ROBOT/robotCourse/hw_design/HLS/Canny/solution1/impl/ip} [current_project]
update_ip_catalog
report_ip_status
update_ip_catalog -rebuild
set_property  ip_repo_paths  {} [current_project]
update_ip_catalog
set_property  ip_repo_paths  D:/FPGA/Vision_Car/EDK-PYNQ-ROBOT/EDK-PYNQ-ROBOT/robotCourse/hw_design/arch/ip [current_project]
update_ip_catalog
update_ip_catalog
report_ip_status
set_property  ip_repo_paths  {d:/FPGA/Vision_Car/EDK-PYNQ-ROBOT/EDK-PYNQ-ROBOT/robotCourse/hw_design/arch/ip D:/FPGA/Vision_Car/EDK-PYNQ-ROBOT/EDK-PYNQ-ROBOT/robotCourse/hw_design/HLS/Canny/Canny/solution1/impl/ip} [current_project]
update_ip_catalog
set_property  ip_repo_paths  d:/FPGA/Vision_Car/EDK-PYNQ-ROBOT/EDK-PYNQ-ROBOT/robotCourse/hw_design/arch/ip [current_project]
update_ip_catalog
get_ips
# 清除旧路径
set_property ip_repo_paths {} [current_project]
update_ip_catalog
# 添加新路径（请改成你实际路径）
set_property ip_repo_paths { \
    D:/FPGA/Vision_Car/EDK-PYNQ-ROBOT/EDK-PYNQ-ROBOT/robotCourse/hw_design/arch/ip \
    D:/FPGA/Vision_Car/EDK-PYNQ-ROBOT/EDK-PYNQ-ROBOT/robotCourse/hw_design/HLS/Canny/solution1/impl/ip \
} [current_project]
# 刷新仓库
update_ip_catalog
# 检查 IP 状态
report_ip_status
# 如果成功找到 definition，则生成输出
generate_target all [get_ips design_1_Canny_accel_0_0]
# 清除旧路径
set_property ip_repo_paths {} [current_project]
update_ip_catalog
# 添加新路径（请改成你实际路径）
set_property ip_repo_paths { \
    D:/FPGA/Vision_Car/EDK-PYNQ-ROBOT/EDK-PYNQ-ROBOT/robotCourse/hw_design/arch/ip \
} [current_project]
# 刷新仓库
update_ip_catalog
# 检查 IP 状态
report_ip_status
# 如果成功找到 definition，则生成输出
generate_target all [get_ips design_1_Canny_accel_0_0]
